{
    "sarscov2 single-end [fastqc] [multiple configs]": {
        "content": [
            [
                {
                    "data": [
                        "fastqc-status-check-heatmap.txt",
                        "fastqc_overrepresented_sequences_plot.txt",
                        "fastqc_per_base_n_content_plot.txt",
                        "fastqc_per_base_sequence_quality_plot.txt",
                        "fastqc_per_sequence_gc_content_plot_Counts.txt",
                        "fastqc_per_sequence_gc_content_plot_Percentages.txt",
                        "fastqc_per_sequence_quality_scores_plot.txt",
                        "fastqc_sequence_counts_plot.txt",
                        "fastqc_sequence_duplication_levels_plot.txt",
                        "fastqc_sequence_length_distribution_plot.txt",
                        "fastqc_top_overrepresented_sequences_table.txt",
                        "llms-full.txt",
                        "multiqc.log",
                        "multiqc.parquet",
                        "multiqc_citations.txt",
                        "multiqc_data.json",
                        "multiqc_fastqc.txt",
                        "multiqc_general_stats.txt",
                        "multiqc_sources.txt"
                    ],
                    "id": "FASTQC",
                    "plots": [
                        "pdf",
                        [
                            "fastqc-status-check-heatmap.pdf",
                            "fastqc_overrepresented_sequences_plot.pdf",
                            "fastqc_per_base_n_content_plot.pdf",
                            "fastqc_per_base_sequence_quality_plot.pdf",
                            "fastqc_per_sequence_gc_content_plot_Counts.pdf",
                            "fastqc_per_sequence_gc_content_plot_Percentages.pdf",
                            "fastqc_per_sequence_quality_scores_plot.pdf",
                            "fastqc_sequence_counts_plot-cnt.pdf",
                            "fastqc_sequence_counts_plot-pct.pdf",
                            "fastqc_sequence_duplication_levels_plot.pdf",
                            "fastqc_sequence_length_distribution_plot.pdf",
                            "fastqc_top_overrepresented_sequences_table.pdf"
                        ],
                        "png",
                        [
                            "fastqc-status-check-heatmap.png",
                            "fastqc_overrepresented_sequences_plot.png",
                            "fastqc_per_base_n_content_plot.png",
                            "fastqc_per_base_sequence_quality_plot.png",
                            "fastqc_per_sequence_gc_content_plot_Counts.png",
                            "fastqc_per_sequence_gc_content_plot_Percentages.png",
                            "fastqc_per_sequence_quality_scores_plot.png",
                            "fastqc_sequence_counts_plot-cnt.png",
                            "fastqc_sequence_counts_plot-pct.png",
                            "fastqc_sequence_duplication_levels_plot.png",
                            "fastqc_sequence_length_distribution_plot.png",
                            "fastqc_top_overrepresented_sequences_table.png"
                        ],
                        "svg",
                        [
                            "fastqc-status-check-heatmap.svg",
                            "fastqc_overrepresented_sequences_plot.svg",
                            "fastqc_per_base_n_content_plot.svg",
                            "fastqc_per_base_sequence_quality_plot.svg",
                            "fastqc_per_sequence_gc_content_plot_Counts.svg",
                            "fastqc_per_sequence_gc_content_plot_Percentages.svg",
                            "fastqc_per_sequence_quality_scores_plot.svg",
                            "fastqc_sequence_counts_plot-cnt.svg",
                            "fastqc_sequence_counts_plot-pct.svg",
                            "fastqc_sequence_duplication_levels_plot.svg",
                            "fastqc_sequence_length_distribution_plot.svg",
                            "fastqc_top_overrepresented_sequences_table.svg"
                        ]
                    ],
                    "report": "multiqc_report.html"
                }
            ],
            {
                "versions_multiqc": [
                    [
                        "MULTIQC",
                        "multiqc",
                        "1.35"
                    ]
                ]
            }
        ],
        "timestamp": "2026-06-26T17:24:10.292705276",
        "meta": {
            "nf-test": "0.9.5",
            "nextflow": "26.04.4"
        }
    },
    "sarscov2 single-end [fastqc]": {
        "content": [
            [
                {
                    "data": [
                        "fastqc-status-check-heatmap.txt",
                        "fastqc_overrepresented_sequences_plot.txt",
                        "fastqc_per_base_n_content_plot.txt",
                        "fastqc_per_base_sequence_quality_plot.txt",
                        "fastqc_per_sequence_gc_content_plot_Counts.txt",
                        "fastqc_per_sequence_gc_content_plot_Percentages.txt",
                        "fastqc_per_sequence_quality_scores_plot.txt",
                        "fastqc_sequence_counts_plot.txt",
                        "fastqc_sequence_duplication_levels_plot.txt",
                        "fastqc_sequence_length_distribution_plot.txt",
                        "fastqc_top_overrepresented_sequences_table.txt",
                        "llms-full.txt",
                        "multiqc.log",
                        "multiqc.parquet",
                        "multiqc_citations.txt",
                        "multiqc_data.json",
                        "multiqc_fastqc.txt",
                        "multiqc_general_stats.txt",
                        "multiqc_software_versions.txt",
                        "multiqc_sources.txt"
                    ],
                    "id": "FASTQC",
                    "plots": [
                        "pdf",
                        [
                            "fastqc-status-check-heatmap.pdf",
                            "fastqc_overrepresented_sequences_plot.pdf",
                            "fastqc_per_base_n_content_plot.pdf",
                            "fastqc_per_base_sequence_quality_plot.pdf",
                            "fastqc_per_sequence_gc_content_plot_Counts.pdf",
                            "fastqc_per_sequence_gc_content_plot_Percentages.pdf",
                            "fastqc_per_sequence_quality_scores_plot.pdf",
                            "fastqc_sequence_counts_plot-cnt.pdf",
                            "fastqc_sequence_counts_plot-pct.pdf",
                            "fastqc_sequence_duplication_levels_plot.pdf",
                            "fastqc_sequence_length_distribution_plot.pdf",
                            "fastqc_top_overrepresented_sequences_table.pdf"
                        ],
                        "png",
                        [
                            "fastqc-status-check-heatmap.png",
                            "fastqc_overrepresented_sequences_plot.png",
                            "fastqc_per_base_n_content_plot.png",
                            "fastqc_per_base_sequence_quality_plot.png",
                            "fastqc_per_sequence_gc_content_plot_Counts.png",
                            "fastqc_per_sequence_gc_content_plot_Percentages.png",
                            "fastqc_per_sequence_quality_scores_plot.png",
                            "fastqc_sequence_counts_plot-cnt.png",
                            "fastqc_sequence_counts_plot-pct.png",
                            "fastqc_sequence_duplication_levels_plot.png",
                            "fastqc_sequence_length_distribution_plot.png",
                            "fastqc_top_overrepresented_sequences_table.png"
                        ],
                        "svg",
                        [
                            "fastqc-status-check-heatmap.svg",
                            "fastqc_overrepresented_sequences_plot.svg",
                            "fastqc_per_base_n_content_plot.svg",
                            "fastqc_per_base_sequence_quality_plot.svg",
                            "fastqc_per_sequence_gc_content_plot_Counts.svg",
                            "fastqc_per_sequence_gc_content_plot_Percentages.svg",
                            "fastqc_per_sequence_quality_scores_plot.svg",
                            "fastqc_sequence_counts_plot-cnt.svg",
                            "fastqc_sequence_counts_plot-pct.svg",
                            "fastqc_sequence_duplication_levels_plot.svg",
                            "fastqc_sequence_length_distribution_plot.svg",
                            "fastqc_top_overrepresented_sequences_table.svg"
                        ]
                    ],
                    "report": "multiqc_report.html"
                }
            ],
            {
                "versions_multiqc": [
                    [
                        "MULTIQC",
                        "multiqc",
                        "1.35"
                    ]
                ]
            }
        ],
        "timestamp": "2026-06-26T17:23:00.611603693",
        "meta": {
            "nf-test": "0.9.5",
            "nextflow": "26.04.4"
        }
    },
    "sarscov2 single-end [fastqc] - stub": {
        "content": [
            {
                "0": [
                    {
                        "data": [
                            ".stub:md5,d41d8cd98f00b204e9800998ecf8427e"
                        ],
                        "id": "FASTQC",
                        "plots": [
                            ".stub:md5,d41d8cd98f00b204e9800998ecf8427e"
                        ],
                        "report": "multiqc_report.html:md5,d41d8cd98f00b204e9800998ecf8427e"
                    }
                ]
            },
            {
                "versions_multiqc": [
                    [
                        "MULTIQC",
                        "multiqc",
                        "1.35"
                    ]
                ]
            }
        ],
        "timestamp": "2026-06-26T17:24:20.303532093",
        "meta": {
            "nf-test": "0.9.5",
            "nextflow": "26.04.4"
        }
    },
    "sarscov2 single-end [fastqc] [config]": {
        "content": [
            [
                {
                    "data": [
                        "fastqc-status-check-heatmap.txt",
                        "fastqc_overrepresented_sequences_plot.txt",
                        "fastqc_per_base_n_content_plot.txt",
                        "fastqc_per_base_sequence_quality_plot.txt",
                        "fastqc_per_sequence_gc_content_plot_Counts.txt",
                        "fastqc_per_sequence_gc_content_plot_Percentages.txt",
                        "fastqc_per_sequence_quality_scores_plot.txt",
                        "fastqc_sequence_counts_plot.txt",
                        "fastqc_sequence_duplication_levels_plot.txt",
                        "fastqc_sequence_length_distribution_plot.txt",
                        "fastqc_top_overrepresented_sequences_table.txt",
                        "llms-full.txt",
                        "multiqc.log",
                        "multiqc.parquet",
                        "multiqc_citations.txt",
                        "multiqc_data.json",
                        "multiqc_fastqc.txt",
                        "multiqc_general_stats.txt",
                        "multiqc_sources.txt"
                    ],
                    "id": "FASTQC",
                    "plots": [
                        "pdf",
                        [
                            "fastqc-status-check-heatmap.pdf",
                            "fastqc_overrepresented_sequences_plot.pdf",
                            "fastqc_per_base_n_content_plot.pdf",
                            "fastqc_per_base_sequence_quality_plot.pdf",
                            "fastqc_per_sequence_gc_content_plot_Counts.pdf",
                            "fastqc_per_sequence_gc_content_plot_Percentages.pdf",
                            "fastqc_per_sequence_quality_scores_plot.pdf",
                            "fastqc_sequence_counts_plot-cnt.pdf",
                            "fastqc_sequence_counts_plot-pct.pdf",
                            "fastqc_sequence_duplication_levels_plot.pdf",
                            "fastqc_sequence_length_distribution_plot.pdf",
                            "fastqc_top_overrepresented_sequences_table.pdf"
                        ],
                        "png",
                        [
                            "fastqc-status-check-heatmap.png",
                            "fastqc_overrepresented_sequences_plot.png",
                            "fastqc_per_base_n_content_plot.png",
                            "fastqc_per_base_sequence_quality_plot.png",
                            "fastqc_per_sequence_gc_content_plot_Counts.png",
                            "fastqc_per_sequence_gc_content_plot_Percentages.png",
                            "fastqc_per_sequence_quality_scores_plot.png",
                            "fastqc_sequence_counts_plot-cnt.png",
                            "fastqc_sequence_counts_plot-pct.png",
                            "fastqc_sequence_duplication_levels_plot.png",
                            "fastqc_sequence_length_distribution_plot.png",
                            "fastqc_top_overrepresented_sequences_table.png"
                        ],
                        "svg",
                        [
                            "fastqc-status-check-heatmap.svg",
                            "fastqc_overrepresented_sequences_plot.svg",
                            "fastqc_per_base_n_content_plot.svg",
                            "fastqc_per_base_sequence_quality_plot.svg",
                            "fastqc_per_sequence_gc_content_plot_Counts.svg",
                            "fastqc_per_sequence_gc_content_plot_Percentages.svg",
                            "fastqc_per_sequence_quality_scores_plot.svg",
                            "fastqc_sequence_counts_plot-cnt.svg",
                            "fastqc_sequence_counts_plot-pct.svg",
                            "fastqc_sequence_duplication_levels_plot.svg",
                            "fastqc_sequence_length_distribution_plot.svg",
                            "fastqc_top_overrepresented_sequences_table.svg"
                        ]
                    ],
                    "report": "multiqc_report.html"
                }
            ],
            {
                "versions_multiqc": [
                    [
                        "MULTIQC",
                        "multiqc",
                        "1.35"
                    ]
                ]
            }
        ],
        "timestamp": "2026-06-26T17:23:47.755267861",
        "meta": {
            "nf-test": "0.9.5",
            "nextflow": "26.04.4"
        }
    },
    "sarscov2 single-end [fastqc] - custom prefix": {
        "content": [
            [
                {
                    "data": [
                        "fastqc-status-check-heatmap.txt",
                        "fastqc_overrepresented_sequences_plot.txt",
                        "fastqc_per_base_n_content_plot.txt",
                        "fastqc_per_base_sequence_quality_plot.txt",
                        "fastqc_per_sequence_gc_content_plot_Counts.txt",
                        "fastqc_per_sequence_gc_content_plot_Percentages.txt",
                        "fastqc_per_sequence_quality_scores_plot.txt",
                        "fastqc_sequence_counts_plot.txt",
                        "fastqc_sequence_duplication_levels_plot.txt",
                        "fastqc_sequence_length_distribution_plot.txt",
                        "fastqc_top_overrepresented_sequences_table.txt",
                        "llms-full.txt",
                        "multiqc.log",
                        "multiqc.parquet",
                        "multiqc_citations.txt",
                        "multiqc_data.json",
                        "multiqc_fastqc.txt",
                        "multiqc_general_stats.txt",
                        "multiqc_software_versions.txt",
                        "multiqc_sources.txt"
                    ],
                    "id": "FASTQC",
                    "plots": [
                        "pdf",
                        [
                            "fastqc-status-check-heatmap.pdf",
                            "fastqc_overrepresented_sequences_plot.pdf",
                            "fastqc_per_base_n_content_plot.pdf",
                            "fastqc_per_base_sequence_quality_plot.pdf",
                            "fastqc_per_sequence_gc_content_plot_Counts.pdf",
                            "fastqc_per_sequence_gc_content_plot_Percentages.pdf",
                            "fastqc_per_sequence_quality_scores_plot.pdf",
                            "fastqc_sequence_counts_plot-cnt.pdf",
                            "fastqc_sequence_counts_plot-pct.pdf",
                            "fastqc_sequence_duplication_levels_plot.pdf",
                            "fastqc_sequence_length_distribution_plot.pdf",
                            "fastqc_top_overrepresented_sequences_table.pdf"
                        ],
                        "png",
                        [
                            "fastqc-status-check-heatmap.png",
                            "fastqc_overrepresented_sequences_plot.png",
                            "fastqc_per_base_n_content_plot.png",
                            "fastqc_per_base_sequence_quality_plot.png",
                            "fastqc_per_sequence_gc_content_plot_Counts.png",
                            "fastqc_per_sequence_gc_content_plot_Percentages.png",
                            "fastqc_per_sequence_quality_scores_plot.png",
                            "fastqc_sequence_counts_plot-cnt.png",
                            "fastqc_sequence_counts_plot-pct.png",
                            "fastqc_sequence_duplication_levels_plot.png",
                            "fastqc_sequence_length_distribution_plot.png",
                            "fastqc_top_overrepresented_sequences_table.png"
                        ],
                        "svg",
                        [
                            "fastqc-status-check-heatmap.svg",
                            "fastqc_overrepresented_sequences_plot.svg",
                            "fastqc_per_base_n_content_plot.svg",
                            "fastqc_per_base_sequence_quality_plot.svg",
                            "fastqc_per_sequence_gc_content_plot_Counts.svg",
                            "fastqc_per_sequence_gc_content_plot_Percentages.svg",
                            "fastqc_per_sequence_quality_scores_plot.svg",
                            "fastqc_sequence_counts_plot-cnt.svg",
                            "fastqc_sequence_counts_plot-pct.svg",
                            "fastqc_sequence_duplication_levels_plot.svg",
                            "fastqc_sequence_length_distribution_plot.svg",
                            "fastqc_top_overrepresented_sequences_table.svg"
                        ]
                    ],
                    "report": "custom_prefix.html"
                }
            ],
            {
                "versions_multiqc": [
                    [
                        "MULTIQC",
                        "multiqc",
                        "1.35"
                    ]
                ]
            }
        ],
        "timestamp": "2026-06-26T17:23:23.32530864",
        "meta": {
            "nf-test": "0.9.5",
            "nextflow": "26.04.4"
        }
    }
}