{
    "homo_sapiens - bam, bai, [], [], sry - stub": {
        "content": [
            {
                "0": [
                    {
                        "id": "test",
                        "tsv": "test.tsv:md5,1274e62aa2ba3cc366ec1e1868606ea1"
                    }
                ]
            },
            {
                "versions": [
                    [
                        "NGSBITS_SAMPLEGENDER",
                        "ngsbits",
                        "2025_12"
                    ]
                ]
            }
        ],
        "timestamp": "2026-06-30T14:46:02.421989043",
        "meta": {
            "nf-test": "0.9.5",
            "nextflow": "26.04.4"
        }
    }
}