{
    "test_samtools_faidx": {
        "content": [
            {
                "0": [
                    {
                        "fai": "genome.fasta.fai:md5,9da2a56e2853dc8c0b86a9e7229c9fe5",
                        "fasta": null,
                        "gzi": null,
                        "id": "test",
                        "sizes": null
                    }
                ]
            },
            {
                "versions": [
                    [
                        "SAMTOOLS_FAIDX",
                        "samtools",
                        "1.23.1"
                    ]
                ]
            }
        ],
        "timestamp": "2026-06-30T14:49:23.90441614",
        "meta": {
            "nf-test": "0.9.5",
            "nextflow": "26.04.4"
        }
    },
    "test_samtools_faidx_get_sizes_bgzip - stub": {
        "content": [
            {
                "0": [
                    {
                        "fai": "genome.fasta.gz.fai:md5,d41d8cd98f00b204e9800998ecf8427e",
                        "fasta": null,
                        "gzi": "genome.fasta.gz.gzi:md5,d41d8cd98f00b204e9800998ecf8427e",
                        "id": "test",
                        "sizes": "genome.fasta.gz.sizes:md5,d41d8cd98f00b204e9800998ecf8427e"
                    }
                ]
            },
            {
                "versions": [
                    [
                        "SAMTOOLS_FAIDX",
                        "samtools",
                        "1.23.1"
                    ]
                ]
            }
        ],
        "timestamp": "2026-06-30T14:56:10.553372382",
        "meta": {
            "nf-test": "0.9.5",
            "nextflow": "26.04.4"
        }
    },
    "test_samtools_faidx_get_sizes": {
        "content": [
            {
                "0": [
                    {
                        "fai": "genome.fasta.fai:md5,9da2a56e2853dc8c0b86a9e7229c9fe5",
                        "fasta": null,
                        "gzi": null,
                        "id": "test",
                        "sizes": "genome.fasta.sizes:md5,a57c401f27ae5133823fb09fb21c8a3c"
                    }
                ]
            },
            {
                "versions": [
                    [
                        "SAMTOOLS_FAIDX",
                        "samtools",
                        "1.23.1"
                    ]
                ]
            }
        ],
        "timestamp": "2026-06-30T14:55:49.609973985",
        "meta": {
            "nf-test": "0.9.5",
            "nextflow": "26.04.4"
        }
    },
    "test_samtools_faidx_bgzip": {
        "content": [
            {
                "0": [
                    {
                        "fai": "genome.fasta.gz.fai:md5,9da2a56e2853dc8c0b86a9e7229c9fe5",
                        "fasta": null,
                        "gzi": "genome.fasta.gz.gzi:md5,7dea362b3fac8e00956a4952a3d4f474",
                        "id": "test",
                        "sizes": null
                    }
                ]
            },
            {
                "versions": [
                    [
                        "SAMTOOLS_FAIDX",
                        "samtools",
                        "1.23.1"
                    ]
                ]
            }
        ],
        "timestamp": "2026-06-30T14:55:22.535523612",
        "meta": {
            "nf-test": "0.9.5",
            "nextflow": "26.04.4"
        }
    },
    "test_samtools_faidx_fasta": {
        "content": [
            {
                "0": [
                    {
                        "fai": null,
                        "fasta": "extract.fa:md5,6a0774a0ad937ba0bfd2ac7457d90f36",
                        "gzi": null,
                        "id": "test",
                        "sizes": null
                    }
                ]
            },
            {
                "versions": [
                    [
                        "SAMTOOLS_FAIDX",
                        "samtools",
                        "1.23.1"
                    ]
                ]
            }
        ],
        "timestamp": "2026-06-30T14:56:45.52362554",
        "meta": {
            "nf-test": "0.9.5",
            "nextflow": "26.04.4"
        }
    },
    "test_samtools_faidx_get_sizes - stub": {
        "content": [
            {
                "0": [
                    {
                        "fai": "genome.fasta.fai:md5,d41d8cd98f00b204e9800998ecf8427e",
                        "fasta": null,
                        "gzi": null,
                        "id": "test",
                        "sizes": "genome.fasta.sizes:md5,d41d8cd98f00b204e9800998ecf8427e"
                    }
                ]
            },
            {
                "versions": [
                    [
                        "SAMTOOLS_FAIDX",
                        "samtools",
                        "1.23.1"
                    ]
                ]
            }
        ],
        "timestamp": "2026-06-30T14:56:03.586745175",
        "meta": {
            "nf-test": "0.9.5",
            "nextflow": "26.04.4"
        }
    },
    "test_samtools_faidx_stub_fasta": {
        "content": [
            {
                "0": [
                    {
                        "fai": null,
                        "fasta": "extract.fa:md5,d41d8cd98f00b204e9800998ecf8427e",
                        "gzi": null,
                        "id": "test",
                        "sizes": null
                    }
                ]
            },
            {
                "versions": [
                    [
                        "SAMTOOLS_FAIDX",
                        "samtools",
                        "1.23.1"
                    ]
                ]
            }
        ],
        "timestamp": "2026-06-30T14:56:52.267093676",
        "meta": {
            "nf-test": "0.9.5",
            "nextflow": "26.04.4"
        }
    },
    "test_samtools_faidx_stub_fai": {
        "content": [
            {
                "0": [
                    {
                        "fai": null,
                        "fasta": null,
                        "gzi": null,
                        "id": "test",
                        "sizes": null
                    }
                ]
            },
            {
                "versions": [
                    [
                        "SAMTOOLS_FAIDX",
                        "samtools",
                        "1.23.1"
                    ]
                ]
            }
        ],
        "timestamp": "2026-06-30T14:56:58.992969056",
        "meta": {
            "nf-test": "0.9.5",
            "nextflow": "26.04.4"
        }
    },
    "test_samtools_faidx_get_sizes_bgzip": {
        "content": [
            {
                "0": [
                    {
                        "fai": "genome.fasta.gz.fai:md5,9da2a56e2853dc8c0b86a9e7229c9fe5",
                        "fasta": null,
                        "gzi": "genome.fasta.gz.gzi:md5,7dea362b3fac8e00956a4952a3d4f474",
                        "id": "test",
                        "sizes": "genome.fasta.gz.sizes:md5,a57c401f27ae5133823fb09fb21c8a3c"
                    }
                ]
            },
            {
                "versions": [
                    [
                        "SAMTOOLS_FAIDX",
                        "samtools",
                        "1.23.1"
                    ]
                ]
            }
        ],
        "timestamp": "2026-06-30T14:55:56.718621819",
        "meta": {
            "nf-test": "0.9.5",
            "nextflow": "26.04.4"
        }
    }
}